[    0.000000] Initializing cgroup subsys cpuset
[    0.000000] Initializing cgroup subsys cpu
[    0.000000] Initializing cgroup subsys cpuacct
[    0.000000] Linux version 4.4.0-101-generic (buildd@lcy01-amd64-006) (gcc version 5.4.0 20160609 (Ubuntu 5.4.0-6ubuntu1~16.04.5) ) #124-Ubuntu SMP Fri Nov 10 18:29:59 UTC 2017 (Ubuntu 4.4.0-101.124-generic 4.4.95)
[    0.000000] Command line: BOOT_IMAGE=/boot/vmlinuz-4.4.0-101-generic root=LABEL=cloudimg-rootfs ro console=tty1 console=ttyS0
[    0.000000] KERNEL supported cpus:
[    0.000000]   Intel GenuineIntel
[    0.000000]   AMD AuthenticAMD
[    0.000000]   Centaur CentaurHauls
[    0.000000] x86/fpu: xstate_offset[2]:  576, xstate_sizes[2]:  256
[    0.000000] x86/fpu: Supporting XSAVE feature 0x01: 'x87 floating point registers'
[    0.000000] x86/fpu: Supporting XSAVE feature 0x02: 'SSE registers'
[    0.000000] x86/fpu: Supporting XSAVE feature 0x04: 'AVX registers'
[    0.000000] x86/fpu: Enabled xstate features 0x7, context size is 832 bytes, using 'standard' format.
[    0.000000] x86/fpu: Using 'lazy' FPU context switches.
[    0.000000] e820: BIOS-provided physical RAM map:
[    0.000000] BIOS-e820: [mem 0x0000000000000000-0x000000000009fbff] usable
[    0.000000] BIOS-e820: [mem 0x000000000009fc00-0x000000000009ffff] reserved
[    0.000000] BIOS-e820: [mem 0x00000000000f0000-0x00000000000fffff] reserved
[    0.000000] BIOS-e820: [mem 0x0000000000100000-0x000000003ffeffff] usable
[    0.000000] BIOS-e820: [mem 0x000000003fff0000-0x000000003fffffff] ACPI data
[    0.000000] BIOS-e820: [mem 0x00000000fec00000-0x00000000fec00fff] reserved
[    0.000000] BIOS-e820: [mem 0x00000000fee00000-0x00000000fee00fff] reserved
[    0.000000] BIOS-e820: [mem 0x00000000fffc0000-0x00000000ffffffff] reserved
[    0.000000] NX (Execute Disable) protection: active
[    0.000000] SMBIOS 2.5 present.
[    0.000000] Hypervisor detected: KVM
[    0.000000] e820: last_pfn = 0x3fff0 max_arch_pfn = 0x400000000
[    0.000000] MTRR: Disabled
[    0.000000] x86/PAT: MTRRs disabled, skipping PAT initialization too.
[    0.000000] CPU MTRRs all blank - virtualized system.
[    0.000000] x86/PAT: Configuration [0-7]: WB  WT  UC- UC  WB  WT  UC- UC  
[    0.000000] found SMP MP-table at [mem 0x0009fff0-0x0009ffff] mapped at [ffff88000009fff0]
[    0.000000] Scanning 1 areas for low memory corruption
[    0.000000] RAMDISK: [mem 0x36ad4000-0x37561fff]
[    0.000000] ACPI: Early table checksum verification disabled
[    0.000000] ACPI: RSDP 0x00000000000E0000 000024 (v02 VBOX  )
[    0.000000] ACPI: XSDT 0x000000003FFF0030 00003C (v01 VBOX   VBOXXSDT 00000001 ASL  00000061)
[    0.000000] ACPI: FACP 0x000000003FFF00F0 0000F4 (v04 VBOX   VBOXFACP 00000001 ASL  00000061)
[    0.000000] ACPI: DSDT 0x000000003FFF0470 0021C8 (v02 VBOX   VBOXBIOS 00000002 INTL 20100528)
[    0.000000] ACPI: FACS 0x000000003FFF0200 000040
[    0.000000] ACPI: FACS 0x000000003FFF0200 000040
[    0.000000] ACPI: APIC 0x000000003FFF0240 00005C (v02 VBOX   VBOXAPIC 00000001 ASL  00000061)
[    0.000000] ACPI: SSDT 0x000000003FFF02A0 0001CC (v01 VBOX   VBOXCPUT 00000002 INTL 20100528)
[    0.000000] No NUMA configuration found
[    0.000000] Faking a node at [mem 0x0000000000000000-0x000000003ffeffff]
[    0.000000] NODE_DATA(0) allocated [mem 0x3ffeb000-0x3ffeffff]
[    0.000000] kvm-clock: Using msrs 4b564d01 and 4b564d00
[    0.000000] kvm-clock: cpu 0, msr 0:3ffe3001, primary cpu clock
[    0.000000] kvm-clock: using sched offset of 2954404309 cycles
[    0.000000] clocksource: kvm-clock: mask: 0xffffffffffffffff max_cycles: 0x1cd42e4dffb, max_idle_ns: 881590591483 ns
[    0.000000] Zone ranges:
[    0.000000]   DMA      [mem 0x0000000000001000-0x0000000000ffffff]
[    0.000000]   DMA32    [mem 0x0000000001000000-0x000000003ffeffff]
[    0.000000]   Normal   empty
[    0.000000]   Device   empty
[    0.000000] Movable zone start for each node
[    0.000000] Early memory node ranges
[    0.000000]   node   0: [mem 0x0000000000001000-0x000000000009efff]
[    0.000000]   node   0: [mem 0x0000000000100000-0x000000003ffeffff]
[    0.000000] Initmem setup node 0 [mem 0x0000000000001000-0x000000003ffeffff]
[    0.000000] ACPI: PM-Timer IO Port: 0x4008
[    0.000000] IOAPIC[0]: apic_id 2, version 32, address 0xfec00000, GSI 0-23
[    0.000000] ACPI: INT_SRC_OVR (bus 0 bus_irq 0 global_irq 2 dfl dfl)
[    0.000000] ACPI: INT_SRC_OVR (bus 0 bus_irq 9 global_irq 9 high level)
[    0.000000] Using ACPI (MADT) for SMP configuration information
[    0.000000] smpboot: Allowing 2 CPUs, 0 hotplug CPUs
[    0.000000] PM: Registered nosave memory: [mem 0x00000000-0x00000fff]
[    0.000000] PM: Registered nosave memory: [mem 0x0009f000-0x0009ffff]
[    0.000000] PM: Registered nosave memory: [mem 0x000a0000-0x000effff]
[    0.000000] PM: Registered nosave memory: [mem 0x000f0000-0x000fffff]
[    0.000000] e820: [mem 0x40000000-0xfebfffff] available for PCI devices
[    0.000000] Booting paravirtualized kernel on KVM
[    0.000000] clocksource: refined-jiffies: mask: 0xffffffff max_cycles: 0xffffffff, max_idle_ns: 7645519600211568 ns
[    0.000000] setup_percpu: NR_CPUS:512 nr_cpumask_bits:512 nr_cpu_ids:2 nr_node_ids:1
[    0.000000] PERCPU: Embedded 34 pages/cpu @ffff88003fc00000 s98328 r8192 d32744 u1048576
[    0.000000] PV qspinlock hash table entries: 256 (order: 0, 4096 bytes)
[    0.000000] Built 1 zonelists in Node order, mobility grouping on.  Total pages: 257913
[    0.000000] Policy zone: DMA32
[    0.000000] Kernel command line: BOOT_IMAGE=/boot/vmlinuz-4.4.0-101-generic root=LABEL=cloudimg-rootfs ro console=tty1 console=ttyS0
[    0.000000] PID hash table entries: 4096 (order: 3, 32768 bytes)
[    0.000000] Memory: 1001756K/1048120K available (8484K kernel code, 1294K rwdata, 3988K rodata, 1492K init, 1316K bss, 46364K reserved, 0K cma-reserved)
[    0.000000] SLUB: HWalign=64, Order=0-3, MinObjects=0, CPUs=2, Nodes=1
[    0.000000] Hierarchical RCU implementation.
[    0.000000] 	Build-time adjustment of leaf fanout to 64.
[    0.000000] 	RCU restricting CPUs from NR_CPUS=512 to nr_cpu_ids=2.
[    0.000000] RCU: Adjusting geometry for rcu_fanout_leaf=64, nr_cpu_ids=2
[    0.000000] NR_IRQS:33024 nr_irqs:440 16
[    0.000000] Console: colour VGA+ 80x25
[    0.000000] console [tty1] enabled
[    0.000000] console [ttyS0] enabled
[    0.000000] tsc: Detected 2194.918 MHz processor
[   12.657922] Calibrating delay loop (skipped) preset value.. 4389.83 BogoMIPS (lpj=8779672)
[   12.854112] pid_max: default: 32768 minimum: 301
[   12.945972] ACPI: Core revision 20150930
[   13.030337] ACPI: 2 ACPI AML tables successfully acquired and loaded
[   13.144178] Security Framework initialized
[   13.223814] Yama: becoming mindful.
[   13.294277] AppArmor: AppArmor initialized
[   13.341099] Dentry cache hash table entries: 131072 (order: 8, 1048576 bytes)
[   13.426284] Inode-cache hash table entries: 65536 (order: 7, 524288 bytes)
[   13.574730] Mount-cache hash table entries: 2048 (order: 2, 16384 bytes)
[   13.711496] Mountpoint-cache hash table entries: 2048 (order: 2, 16384 bytes)
[   13.849987] Initializing cgroup subsys io
[   13.933712] Initializing cgroup subsys memory
[   14.032386] Initializing cgroup subsys devices
[   14.117283] Initializing cgroup subsys freezer
[   14.194320] Initializing cgroup subsys net_cls
[   14.296646] Initializing cgroup subsys perf_event
[   14.405625] Initializing cgroup subsys net_prio
[   14.445576] Initializing cgroup subsys hugetlb
[   14.459939] Initializing cgroup subsys pids
[   14.547635] CPU: Physical Processor ID: 0
[   14.599992] CPU: Processor Core ID: 0
[   14.683090] mce: CPU supports 0 MCE banks
[   14.763028] Last level iTLB entries: 4KB 1024, 2MB 1024, 4MB 1024
[   14.885713] Last level dTLB entries: 4KB 1024, 2MB 1024, 4MB 1024, 1GB 4
[   15.027117] Freeing SMP alternatives memory: 32K
[   15.125601] ftrace: allocating 32156 entries in 126 pages
[   15.263796] smpboot: APIC(0) Converting physical 0 to logical package 0
[   15.390762] smpboot: Max logical packages: 1
[   15.488021] x2apic enabled
[   15.517337] Switched APIC routing to physical x2apic.
[   15.599415] ..TIMER: vector=0x30 apic1=0 pin1=2 apic2=-1 pin2=-1
[   15.845180] smpboot: CPU0: Intel(R) Core(TM) i7-4770HQ CPU @ 2.20GHz (family: 0x6, model: 0x46, stepping: 0x1)
[   16.082486] Performance Events: unsupported p6 CPU model 70 no PMU driver, software events only.
[   16.306029] KVM setup paravirtual spinlock
[   16.382298] x86: Booting SMP configuration:
[   16.481989] .... node  #0, CPUs:      #1
[   16.563194] kvm-clock: cpu 1, msr 0:3ffe3041, secondary cpu clock
[   16.591308] mce: CPU supports 0 MCE banks
[   16.605827] x86: Booted up 1 node, 2 CPUs
[   16.651804] smpboot: Total of 2 processors activated (8779.67 BogoMIPS)
[   16.807539] devtmpfs: initialized
[   16.867653] evm: security.selinux
[   16.945562] evm: security.SMACK64
[   17.005470] evm: security.SMACK64EXEC
[   17.088315] evm: security.SMACK64TRANSMUTE
[   17.174907] evm: security.SMACK64MMAP
[   17.264000] evm: security.ima
[   17.331006] evm: security.capability
[   17.423515] clocksource: jiffies: mask: 0xffffffff max_cycles: 0xffffffff, max_idle_ns: 7645041785100000 ns
[   17.644896] futex hash table entries: 512 (order: 3, 32768 bytes)
[   17.705803] pinctrl core: initialized pinctrl subsystem
[   17.797952] RTC time: 22:15:46, date: 12/08/17
[   17.927083] NET: Registered protocol family 16
[   18.046374] cpuidle: using governor ladder
[   18.134320] cpuidle: using governor menu
[   18.228581] PCCT header not found.
[   18.307502] ACPI: bus type PCI registered
[   18.396830] acpiphp: ACPI Hot Plug PCI Controller Driver version: 0.5
[   18.555684] PCI: Using configuration type 1 for base access
[   18.698928] ACPI: Added _OSI(Module Device)
[   18.762706] ACPI: Added _OSI(Processor Device)
[   18.787005] ACPI: Added _OSI(3.0 _SCP Extensions)
[   18.855672] ACPI: Added _OSI(Processor Aggregator Device)
[   18.954087] ACPI: Executed 1 blocks of module-level executable AML code
[   19.052923] ACPI: Interpreter enabled
[   19.053736] ACPI: (supports S0 S5)
[   19.072222] ACPI: Using IOAPIC for interrupt routing
[   19.175835] PCI: Using host bridge windows from ACPI; if necessary, use "pci=nocrs" and report a bug
[   19.384015] ACPI: PCI Root Bridge [PCI0] (domain 0000 [bus 00-ff])
[   19.517549] acpi PNP0A03:00: _OSC: OS supports [ASPM ClockPM Segments MSI]
[   19.687736] acpi PNP0A03:00: _OSC failed (AE_NOT_FOUND); disabling ASPM
[   19.814741] acpi PNP0A03:00: fail to add MMCONFIG information, can't access extended PCI configuration space under this bridge.
[   19.887584] PCI host bridge to bus 0000:00
[   19.906804] pci_bus 0000:00: root bus resource [io  0x0000-0x0cf7 window]
[   20.046943] pci_bus 0000:00: root bus resource [io  0x0d00-0xffff window]
[   20.198865] pci_bus 0000:00: root bus resource [mem 0x000a0000-0x000bffff window]
[   20.357814] pci_bus 0000:00: root bus resource [mem 0x40000000-0xffdfffff window]
[   20.511517] pci_bus 0000:00: root bus resource [bus 00-ff]
[   20.623580] pci 0000:00:01.1: legacy IDE quirk: reg 0x10: [io  0x01f0-0x01f7]
[   20.774631] pci 0000:00:01.1: legacy IDE quirk: reg 0x14: [io  0x03f6]
[   20.903729] pci 0000:00:01.1: legacy IDE quirk: reg 0x18: [io  0x0170-0x0177]
[   20.990540] pci 0000:00:01.1: legacy IDE quirk: reg 0x1c: [io  0x0376]
[   21.145823] pci 0000:00:07.0: quirk: [io  0x4000-0x403f] claimed by PIIX4 ACPI
[   21.234867] pci 0000:00:07.0: quirk: [io  0x4100-0x410f] claimed by PIIX4 SMB
[   21.340303] ACPI: PCI Interrupt Link [LNKA] (IRQs 5 9 10 *11)
[   21.430741] ACPI: PCI Interrupt Link [LNKB] (IRQs 5 9 10 *11)
[   21.551076] ACPI: PCI Interrupt Link [LNKC] (IRQs 5 9 *10 11)
[   21.648270] ACPI: PCI Interrupt Link [LNKD] (IRQs 5 *9 10 11)
[   21.747843] ACPI: Enabled 2 GPEs in block 00 to 07
[   21.827298] vgaarb: setting as boot device: PCI:0000:00:02.0
[   21.930037] vgaarb: device added: PCI:0000:00:02.0,decodes=io+mem,owns=io+mem,locks=none
[   22.046849] vgaarb: loaded
[   22.082795] vgaarb: bridge control possible 0000:00:02.0
[   22.185221] SCSI subsystem initialized
[   22.238700] ACPI: bus type USB registered
[   22.295761] usbcore: registered new interface driver usbfs
[   22.416384] usbcore: registered new interface driver hub
[   22.528357] usbcore: registered new device driver usb
[   22.616493] PCI: Using ACPI for IRQ routing
[   22.693394] NetLabel: Initializing
[   22.756508] NetLabel:  domain hash size = 128
[   22.845116] NetLabel:  protocols = UNLABELED CIPSOv4
[   22.939676] NetLabel:  unlabeled traffic allowed by default
[   23.037257] amd_nb: Cannot enumerate AMD northbridges
[   23.112610] clocksource: Switched to clocksource kvm-clock
[   23.187971] AppArmor: AppArmor Filesystem Enabled
[   23.298140] pnp: PnP ACPI init
[   23.372798] pnp: PnP ACPI: found 3 devices
[   23.466364] clocksource: acpi_pm: mask: 0xffffff max_cycles: 0xffffff, max_idle_ns: 2085701024 ns
[   23.680670] NET: Registered protocol family 2
[   23.803276] TCP established hash table entries: 8192 (order: 4, 65536 bytes)
[   23.979677] TCP bind hash table entries: 8192 (order: 5, 131072 bytes)
[   24.140853] TCP: Hash tables configured (established 8192 bind 8192)
[   24.267036] UDP hash table entries: 512 (order: 2, 16384 bytes)
[   24.390962] UDP-Lite hash table entries: 512 (order: 2, 16384 bytes)
[   24.515903] NET: Registered protocol family 1
[   24.600847] pci 0000:00:00.0: Limiting direct PCI/PCI transfers
[   24.760434] pci 0000:00:01.0: Activating ISA DMA hang workarounds
[   24.902662] Unpacking initramfs...
[   26.677405] Freeing initrd memory: 10808K
[   26.767456] platform rtc_cmos: registered platform RTC device (no PNP device found)
[   26.927030] Scanning for low memory corruption every 60 seconds
[   27.056203] audit: initializing netlink subsys (disabled)
[   27.195582] audit: type=2000 audit(1512771338.238:1): initialized
[   27.321664] Initialise system trusted keyring
[   27.424720] HugeTLB registered 2 MB page size, pre-allocated 0 pages
[   27.478992] zbud: loaded
[   27.517700] VFS: Disk quotas dquot_6.6.0
[   27.601436] VFS: Dquot-cache hash table entries: 512 (order 0, 4096 bytes)
[   27.738560] squashfs: version 4.0 (2009/01/31) Phillip Lougher
[   27.896821] tsc: Refined TSC clocksource calibration: 2193.626 MHz
[   28.069348] clocksource: tsc: mask: 0xffffffffffffffff max_cycles: 0x1f9ead8bb8c, max_idle_ns: 440795232463 ns
[   28.069664] fuse init (API version 7.23)
[   28.069766] Key type big_key registered
[   28.069786] Allocating IMA MOK and blacklist keyrings.
[   28.069971] Key type asymmetric registered
[   28.069976] Asymmetric key parser 'x509' registered
[   28.070005] Block layer SCSI generic (bsg) driver version 0.4 loaded (major 249)
[   28.070084] io scheduler noop registered
[   28.070087] io scheduler deadline registered (default)
[   28.070120] io scheduler cfq registered
[   28.070206] pci_hotplug: PCI Hot Plug PCI Core version: 0.5
[   28.070210] pciehp: PCI Express Hot Plug Controller Driver version: 0.4
[   28.070504] ACPI: AC Adapter [AC] (off-line)
[   28.070549] input: Power Button as /devices/LNXSYSTM:00/LNXPWRBN:00/input/input0
[   28.070551] ACPI: Power Button [PWRF]
[   28.070610] input: Sleep Button as /devices/LNXSYSTM:00/LNXSLPBN:00/input/input1
[   28.070611] ACPI: Sleep Button [SLPF]
[   28.070735] GHES: HEST is not enabled!
[   28.071596] ACPI: Battery Slot [BAT0] (battery present)
[   28.071633] Serial: 8250/16550 driver, 32 ports, IRQ sharing enabled
[   28.324257] 00:02: ttyS0 at I/O 0x3f8 (irq = 4, base_baud = 115200) is a 16550A
[   28.408927] Linux agpgart interface v0.103
[   28.523504] loop: module loaded
[   28.524121] scsi host0: ata_piix
[   28.524221] scsi host1: ata_piix
[   28.524348] ata1: PATA max UDMA/33 cmd 0x1f0 ctl 0x3f6 bmdma 0xd000 irq 14
[   28.524349] ata2: PATA max UDMA/33 cmd 0x170 ctl 0x376 bmdma 0xd008 irq 15
[   28.524429] libphy: Fixed MDIO Bus: probed
[   28.524433] tun: Universal TUN/TAP device driver, 1.6
[   28.524433] tun: (C) 1999-2004 Max Krasnyansky <maxk@qualcomm.com>
[   28.524791] PPP generic driver version 2.4.2
[   28.524844] ehci_hcd: USB 2.0 'Enhanced' Host Controller (EHCI) Driver
[   28.524849] ehci-pci: EHCI PCI platform driver
[   28.524863] ehci-platform: EHCI generic platform driver
[   28.524870] ohci_hcd: USB 1.1 'Open' Host Controller (OHCI) Driver
[   28.524873] ohci-pci: OHCI PCI platform driver
[   28.524880] ohci-platform: OHCI generic platform driver
[   28.524887] uhci_hcd: USB Universal Host Controller Interface driver
[   28.524938] i8042: PNP: PS/2 Controller [PNP0303:PS2K,PNP0f03:PS2M] at 0x60,0x64 irq 1,12
[   28.573313] serio: i8042 KBD port at 0x60,0x64 irq 1
[   28.573321] serio: i8042 AUX port at 0x60,0x64 irq 12
[   28.573562] mousedev: PS/2 mouse device common for all mice
[   28.573953] rtc_cmos rtc_cmos: rtc core: registered rtc_cmos as rtc0
[   28.574004] rtc_cmos rtc_cmos: alarms up to one day, 114 bytes nvram
[   28.574012] i2c /dev entries driver
[   28.574068] device-mapper: uevent: version 1.0.3
[   28.574118] device-mapper: ioctl: 4.34.0-ioctl (2015-10-28) initialised: dm-devel@redhat.com
[   28.574134] ledtrig-cpu: registered to indicate activity on CPUs
[   28.574440] NET: Registered protocol family 10
[   28.574597] NET: Registered protocol family 17
[   28.574607] Key type dns_resolver registered
[   28.576508] microcode: CPU0 sig=0x40661, pf=0x40, revision=0x0
[   28.576515] microcode: CPU1 sig=0x40661, pf=0x40, revision=0x0
[   28.576575] microcode: Microcode Update Driver: v2.01 <tigran@aivazian.fsnet.co.uk>, Peter Oruba
[   28.576711] registered taskstats version 1
[   28.576727] Loading compiled-in X.509 certificates
[   28.577320] Loaded X.509 cert 'Build time autogenerated kernel key: f91c6829a34a801956ec6287af569c0a1f1f8d39'
[   28.577334] zswap: loaded using pool lzo/zbud
[   28.578516] Key type trusted registered
[   28.580527] Key type encrypted registered
[   28.580531] AppArmor: AppArmor sha1 policy hashing enabled
[   28.580534] ima: No TPM chip found, activating TPM-bypass!
[   28.580552] evm: HMAC attrs: 0x1
[   28.580770]   Magic number: 13:691:299
[   28.669124] rtc_cmos rtc_cmos: setting system clock to 2017-12-08 22:15:57 UTC (1512771357)
[   28.669264] BIOS EDD facility v0.16 2004-Jun-25, 0 devices found
[   28.669264] EDD information not available.
[   28.857752] input: AT Translated Set 2 keyboard as /devices/platform/i8042/serio0/input/input2
[   35.051049] Freeing unused kernel memory: 1492K
[   35.067874] Write protecting the kernel read-only data: 14336k
[   35.176278] Freeing unused kernel memory: 1744K
[   35.342729] Freeing unused kernel memory: 108K
Loading, please wait...
[   35.602864] random: systemd-udevd: uninitialized urandom read (16 bytes read, 4 bits of entropy available)
starting version[   35.603364] random: udevadm: uninitialized urandom read (16 bytes read, 4 bits of entropy available)
 229
[   35.603377] random: udevadm: uninitialized urandom read (16 bytes read, 4 bits of entropy available)
[   35.608512] random: udevadm: uninitialized urandom read (16 bytes read, 4 bits of entropy available)
[   35.608539] random: udevadm: uninitialized urandom read (16 bytes read, 4 bits of entropy available)
[   35.608625] random: udevadm: uninitialized urandom read (16 bytes read, 4 bits of entropy available)
[   35.608656] random: udevadm: uninitialized urandom read (16 bytes read, 4 bits of entropy available)
[   35.608687] random: udevadm: uninitialized urandom read (16 bytes read, 4 bits of entropy available)
[   35.608719] random: udevadm: uninitialized urandom read (16 bytes read, 4 bits of entropy available)
[   35.608749] random: udevadm: uninitialized urandom read (16 bytes read, 4 bits of entropy available)
[   37.734676] pcnet32: pcnet32.c:v1.35 21.Apr.2008 tsbogend@alpha.franken.de
[   37.949718] pcnet32: PCnet/FAST III 79C973 at 0xd020, 02:b9:83:f0:a4:db assigned IRQ 19
[   38.181685] pcnet32: Found PHY 0022:561b at address 0
[   38.281181] pcnet32: eth0: registered as PCnet/FAST III 79C973
[   38.309758] Fusion MPT base driver 3.04.20
[   38.372930] Copyright (c) 1999-2008 LSI Corporation
[   38.511837] AVX version of gcm_enc/dec engaged.
[   38.512283] pcnet32: PCnet/FAST III 79C973 at 0xd240, 08:00:27:c7:fd:4d assigned IRQ 16
[   38.512297] pcnet32: Found PHY 0022:561b at address 0
[   38.514134] pcnet32: eth1: registered as PCnet/FAST III 79C973
[   38.514160] pcnet32: 2 cards_found
[   39.052648] AES CTR mode by8 optimization enabled
[   39.152586] input: ImExPS/2 Generic Explorer Mouse as /devices/platform/i8042/serio1/input/input4
[   39.160518] pcnet32 0000:00:03.0 enp0s3: renamed from eth0
[   39.391999] Fusion MPT SPI Host driver 3.04.20
[   39.424764] pcnet32 0000:00:08.0 enp0s8: renamed from eth1
[   39.426204] mptbase: ioc0: Initiating bringup
[   39.488929] ioc0: LSI53C1030 A0: Capabilities={Initiator}
[   39.708448] scsi host2: ioc0: LSI53C1030 A0, FwRev=00000000h, Ports=1, MaxQ=256, IRQ=20
[   40.093185] scsi 2:0:0:0: Direct-Access     VBOX     HARDDISK         1.0  PQ: 0 ANSI: 5
[   40.337469] scsi target2:0:0: Beginning Domain Validation
[   40.436816] scsi target2:0:0: Domain Validation skipping write tests
[   40.476560] scsi target2:0:0: Ending Domain Validation
[   40.496487] scsi target2:0:0: asynchronous
[   40.522477] scsi 2:0:1:0: Direct-Access     VBOX     HARDDISK         1.0  PQ: 0 ANSI: 5
[   40.864846] scsi target2:0:1: Beginning Domain Validation
[   41.053975] floppy0: no floppy controllers found
[   41.168101] scsi target2:0:1: Domain Validation skipping write tests
[   41.355496] scsi target2:0:1: Ending Domain Validation
[   41.438412] scsi target2:0:1: asynchronous
[   41.529416] sd 2:0:0:0: Attached scsi generic sg0 type 0
[   41.589311] sd 2:0:0:0: [sda] 20971520 512-byte logical blocks: (10.7 GB/10.0 GiB)
[   41.598099] sd 2:0:0:0: [sda] Write Protect is off
[   41.599241] sd 2:0:1:0: Attached scsi generic sg1 type 0
[   41.713200] sd 2:0:1:0: [sdb] 20480 512-byte logical blocks: (10.5 MB/10.0 MiB)
[   41.713231] sd 2:0:0:0: [sda] Incomplete mode parameter data
[   41.713232] sd 2:0:0:0: [sda] Assuming drive cache: write through
[   42.093772] sd 2:0:1:0: [sdb] Write Protect is off
[   42.207427] sd 2:0:1:0: [sdb] Incomplete mode parameter data
[   42.322608] sd 2:0:1:0: [sdb] Assuming drive cache: write through
[   42.423724]  sda: sda1
[   42.424545] sd 2:0:1:0: [sdb] Attached SCSI disk
[   42.547045] sd 2:0:0:0: [sda] Attached SCSI disk
Begin: Loading e[   43.970761] md: linear personality registered for level -1
ssential drivers[   44.091896] md: multipath personality registered for level -4
 ... [   44.218648] md: raid0 personality registered for level 0
[   44.331695] md: raid1 personality registered for level 1
[   44.517185] raid6: sse2x1   gen()  9030 MB/s
[   44.656648] raid6: sse2x1   xor()  7256 MB/s
[   44.816678] raid6: sse2x2   gen() 11674 MB/s
[   44.916681] raid6: sse2x2   xor()  7822 MB/s
[   45.076999] raid6: sse2x4   gen() 13565 MB/s
[   45.244689] raid6: sse2x4   xor()  9408 MB/s
[   45.353733] raid6: using algorithm sse2x4 gen() 13565 MB/s
[   45.437255] raid6: .... xor() 9408 MB/s, rmw enabled
[   45.510789] raid6: using ssse3x2 recovery algorithm
[   45.621993] xor: automatically using best checksumming function:
[   45.865084]    avx       : 19104.000 MB/sec
[   45.900696] async_tx: api initialized (async)
[   45.941605] md: raid6 personality registered for level 6
[   46.054715] md: raid5 personality registered for level 5
[   46.177635] md: raid4 personality registered for level 4
[   46.302468] md: raid10 personality registered for level 10
done.
Begin: Running /scripts/init-p[   46.454102] Btrfs loaded
remount ... done.
Begin: Mounting root file system ... Begin: Running /scripts/local-top ... done.
Begin: Running /scripts/local-premount ... Scanning for Btrfs filesystems
done.
Warning: fsck no[   46.585302] EXT4-fs (sda1): mounted filesystem with ordered data mode. Opts: (null)
t present, so skipping root file system
done.
Begin: Running /scripts/local-bottom ... done.
Begin: Running /scripts/init-bottom ... done.
[   46.802027] systemd[1]: systemd 229 running in system mode. (+PAM +AUDIT +SELINUX +IMA +APPARMOR +SMACK +SYSVINIT +UTMP +LIBCRYPTSETUP +GCRYPT +GNUTLS +ACL +XZ -LZ4 +SECCOMP +BLKID +ELFUTILS +KMOD -IDN)
[   46.900402] systemd[1]: Detected virtualization oracle.
[   46.971209] systemd[1]: Detected architecture x86-64.

Welcome to [1mUbuntu 16.04.3 LTS[0m!

[   47.017157] systemd[1]: Set hostname to <host1>.
[   47.256228] systemd[1]: Created slice System Slice.
[[0;32m  OK  [0m] Created slice System Slice.
[   47.389104] systemd[1]: Listening on Journal Audit Socket.
[[0;32m  OK  [0m] Listening on Journal Audit Socket.
[   47.581314] systemd[1]: Reached target User and Group Name Lookups.
[[0;32m  OK  [0m] Reached target User and Group Name Lookups.
[   47.835653] systemd[1]: Listening on Journal Socket.
[[0;32m  OK  [0m] Listening on Journal Socket.
[   48.037219] systemd[1]: Reached target Encrypted Volumes.
[[0;32m  OK  [0m] Reached target Encrypted Volumes.
[   48.113029] systemd[1]: Listening on Journal Socket (/dev/log).
[[0;32m  OK  [0m] Listening on Journal Socket (/dev/log).
[   48.325088] systemd[1]: Listening on Device-mapper event daemon FIFOs.
[[0;32m  OK  [0m] Listening on Device-mapper event daemon FIFOs.
[   48.573148] systemd[1]: Mounting POSIX Message Queue File System...
         Mounting POSIX Message Queue File System...
[   48.737436] systemd[1]: Listening on /dev/initctl Compatibility Named Pipe.
[[0;32m  OK  [0m] Listening on /dev/initctl Compatibility Named Pipe.
[   48.981340] systemd[1]: Listening on udev Kernel Socket.
[[0;32m  OK  [0m] Listening on udev Kernel Socket.
[   49.105475] systemd[1]: Listening on Syslog Socket.
[[0;32m  OK  [0m] Listening on Syslog Socket.
[   49.193108] systemd[1]: Starting Journal Service...
         Starting Journal Service...
[   49.365696] systemd[1]: Created slice User and Session Slice.
[[0;32m  OK  [0m] Created slice User and Session Slice.
[   49.585523] systemd[1]: Starting Set console keymap...
[   49.585957] random: nonblocking pool is initialized
         Starting Set console keymap...
[   49.930241] systemd[1]: Reached target Slices.
[[0;32m  OK  [0m] Reached target Slices.
[   50.077763] systemd[1]: Started Forward Password Requests to Wall Directory Watch.
[[0;32m  OK  [0m] Started Forward Password Requests to Wall Directory Watch.
[   50.269468] systemd[1]: Starting Load Kernel Modules...
[   50.388533] Loading iSCSI transport class v2.0-870.
         Startin[   50.513256] iscsi: registered transport (tcp)
g Load Kernel Modules...
[   50.629061] systemd[1]: Listening on LVM2 poll daemon socket.
[[0;32m  OK  [[   50.763467] iscsi: registered transport (iser)
0m] Listening on LVM2 poll daemon socket.
[   50.916891] systemd[1]: Starting Uncomplicated firewall...
         Starting Uncomplicated firewall...
[   51.121333] systemd[1]: Mounting Debug File System...
         Mounting Debug File System...
[   51.304890] systemd[1]: Started Trigger resolvconf update for networkd DNS.
[[0;32m  OK  [0m] Started Trigger resolvconf update for networkd DNS.
[   51.389265] systemd[1]: Starting Create list of required static device nodes for the current kernel...
         Starting Create list of required st... nodes for the current kernel...
[   51.741229] systemd[1]: Starting Remount Root and Kernel File Systems...
[   51.745167] EXT4-fs (sda1): re-mounted. Opts: (null)
         Starting Remount Root and Kernel File Systems...
[   52.192933] systemd[1]: Starting Nameserver information manager...
         Starting Nameserver information manager...
[   52.380892] systemd[1]: Mounting Huge Pages File System...
         Mounting Huge Pages File System...
[   52.413063] systemd[1]: Created slice system-serial\x2dgetty.slice.
[[0;32m  OK  [0m] Created slice system-serial\x2dgetty.slice.
[   52.509713] systemd[1]: Listening on udev Control Socket.
[[0;32m  OK  [0m] Listening on udev Control Socket.
[   52.669132] systemd[1]: Reached target Swap.
[[0;32m  OK  [0m] Reached target Swap.
[   52.805586] systemd[1]: Set up automount Arbitrary Executable File Formats File System Automount Point.
[[0;32m  OK  [0m] Set up automount Arbitrary Executab...ats File System Automount Point.
[   53.138172] systemd[1]: Listening on LVM2 metadata daemon socket.
[[0;32m  OK  [0m] Listening on LVM2 metadata daemon socket.
[   53.261269] systemd[1]: Starting Monitoring of LVM2 mirrors, snapshots etc. using dmeventd or progress polling...
         Starting Monitoring of LVM2 mirrors... dmeventd or progress polling...
[   53.517767] systemd[1]: Mounted POSIX Message Queue File System.
[[0;32m  OK  [0m] Mounted POSIX Message Queue File System.
[   53.665433] systemd[1]: Mounted Huge Pages File System.
[[0;32m  OK  [0m] Mounted Huge Pages File System.
[   53.793293] systemd[1]: Mounted Debug File System.
[[0;32m  OK  [0m] Mounted Debug File System.
[   33.973446] systemd[1]: Started Journal Service.
[[0;32m  OK  [0m] Started Journal Service.
[[0;32m  OK  [0m] Started Set console keymap.
[[0;32m  OK  [0m] Started Load Kernel Modules.
[[0;32m  OK  [0m] Started Uncomplicated firewall.
[[0;32m  OK  [0m] Started Create list of required sta...ce nodes for the current kernel.
[[0;32m  OK  [0m] Started Remount Root and Kernel File Systems.
[[0;32m  OK  [0m] Started Nameserver information manager.
[[0;32m  OK  [0m] Started LVM2 metadata daemon.
         Starting udev Coldplug all Devices...
         Starting Load/Save Random Seed...
         Starting Initial cloud-init job (pre-networking)...
         Starting Create Static Device Nodes in /dev...
         Starting Apply Kernel Variables...
         Mounting FUSE Control File System...
         Starting Flush Journal to Persistent Storage...
[[0;32m  OK  [0m] Mounted FUSE Control File System.
[[0;32m  OK  [0m] Started Load/Save Random Seed.
[[0;32m  OK  [0m] Started Create Static Device Nodes in /dev.
[[0;32m  OK  [0m] Started Apply Kernel Variables.
[[0;32m  OK  [0m] Started udev Coldplug all Devices.
[[0;32m  OK  [0m] Started Flush Journal to Persistent Storage.
         Starting udev Kernel Device Manager...
[[0;32m  OK  [0m] Started Monitoring of LVM2 mirrors,...ng dmeventd or progress polling.
[[0;32m  OK  [0m] Started udev Kernel Device Manager.
[[0;32m  OK  [0m] Started Dispatch Password Requests to Console Directory Watch.
[[0;32m  OK  [0m] Reached target Local File Systems (Pre).
[[0;32m  OK  [0m] Reached target Local File Systems.
         Starting Set console font and keymap...
         Starting Tell Plymouth To Write Out Runtime Data...
         Starting Create Volatile Files and Directories...
         Starting LSB: AppArmor initialization...
[   32.777756] [cloud-init[0;32m  OK  [0m[448]: ] Cloud-init v. 17.1 running 'init-local' at Fri, 08 Dec 2017 22:16:23 +0000. Up 32.52 seconds.Started Tell Plymouth To Write Out Runtime Data.

[[0;32m  OK  [0m] Started Create Volatile Files and Directories.
[[0;32m  OK  [0m] Started Initial cloud-init job (pre-networking).
[[0;32m  OK  [0m] Started Set console font and keymap.
[[0;32m  OK  [0m] Found device /dev/ttyS0.
[[0;32m  OK  [0m] Started LSB: AppArmor initialization.
[[0;32m  OK  [0m] Listening on Load/Save RF Kill Switch Status /dev/rfkill Watch.
[[0;32m  OK  [0m] Created slice system-getty.slice.
[[0;32m  OK  [0m] Reached target Network (Pre).
         Starting Raise network interfaces...
[[0;32m  OK  [0m] Started ifup for enp0s3.
[[0;32m  OK  [0m] Started ifup for enp0s8.
[[0;32m  OK  [0m] Reached target System Time Synchronized.
         Starting Update UTMP about System Boot/Shutdown...
[[0;32m  OK  [0m] Started Update UTMP about System Boot/Shutdown.
[[0;32m  OK  [0m] Started Raise network interfaces.
[[0;32m  OK  [0m] Reached target Network.
         Starting Initial cloud-init job (metadata service crawler)...
[   36.432332] cloud-init[1058]: Cloud-init v. 17.1 running 'init' at Fri, 08 Dec 2017 22:16:27 +0000. Up 36.16 seconds.
[   36.492528] cloud-init[1058]: ci-info: ++++++++++++++++++++++++++++++++++++++Net device info++++++++++++++++++++++++++++++++++++++
[[0;32m  OK  [0m] Started Initial cloud-init job (metadata service crawler).
[[   36.528257] cloud-init[1058]: ci-info: +--------+------+-----------------------------+---------------+-------+-------------------+
[   36.561921] cloud-init[1058]: ci-info: | Device |  Up  |           Address           |      Mask     | Scope |     Hw-Address    |
[0;32m  OK  [0m] Reached target Network is Online.
[   36.562137] cloud-init[1058]: ci-info: +--------+------+-----------------------------+---------------+-------+-------------------+
[   36.733015] cloud-init[1058]: ci-info: | enp0s3 | True |          10.0.2.15          | 255.255.255.0 |   .   | 02:b9:83:f0:a4:db |
[   36.738228] cloud-init[1058]: ci-info: | enp0s3 | True |  fe80::b9:83ff:fef0:a4db/64 |       .       |  link | 02:b9:83:f0:a4:db |
[   36.739923] cloud-init[1058]: ci-info: | enp0s8 | True |        192.168.33.10        | 255.255.255.0 |   .   | 08:00:27:c7:fd:4d |
[   36.792306] cloud-init[1058]: ci-info: | enp0s8 | True | fe80::a00:27ff:fec7:fd4d/64 |       .       |  link | 08:00:27:c7:fd:4d |
[   36.792683] cloud-init[1058]: ci-info: |   lo   | True |          127.0.0.1          |   255.0.0.0   |   .   |         .         |
         Starting iSCSI initiator daemon (iscsid)...
[[   36.792800] cloud-init[1058]: ci-info: |   lo   | True |           ::1/128           |       .       |  host |         .         |
[   36.892122] cloud-init[1058]: ci-info: +--------+------+-----------------------------+---------------+-------+-------------------+
[   36.892167] cloud-init[1058]: ci-info: ++++++++++++++++++++++++++++Route IPv4 info++++++++++++++++++++++++++++
[   36.892283] cloud-init[1058]: ci-info: +-------+--------------+----------+---------------+-----------+-------+
[   36.892402] cloud-init[1058]: ci-info: | Route | Destination  | Gateway  |    Genmask    | Interface | Flags |
[   36.892531] cloud-init[1058]: ci-info: +-------+--------------+----------+---------------+-----------+-------+
[   36.892646] cloud-init[1058]: ci-info: |   0   |   0.0.0.0    | 10.0.2.2 |    0.0.0.0    |   enp0s3  |   UG  |
[   36.892776] cloud-init[1058]: ci-info: |   1   |   10.0.2.0   | 0.0.0.0  | 255.255.255.0 |   enp0s3  |   U   |
[   36.892887] cloud-init[1058]: ci-info: |   2   | 192.168.33.0 | 0.0.0.0  | 255.255.255.0 |   enp0s8  |   U   |
[   36.893008] cloud-init[1058]: ci-info: +-------+--------------+----------+---------------+-----------+-------+
[0;32m  OK  [0m] Reached target Cloud-config availability.
[[0;32m  OK  [0m] Reached target System Initialization.
[[0;32m  OK  [0m] Started Daily apt download activities.
[[0;32m  OK  [0m] Listening on ACPID Listen Socket.
[[0;32m  OK  [0m] Listening on UUID daemon activation socket.
[[0;32m  OK  [0m] Started Daily Cleanup of Temporary Directories.
         Starting Socket activation for snappy daemon.
[[0;32m  OK  [0m] Started ACPI Events Check.
[[0;32m  OK  [0m] Reached target Paths.
[[0;32m  OK  [0m] Started Timer to automatically refresh installed snaps.
[[0;32m  OK  [0m] Listening on D-Bus System Message Bus Socket.
[[0;32m  OK  [0m] Started Daily apt upgrade and clean activities.
[[0;32m  OK  [0m] Reached target Timers.
         Starting LXD - unix socket.
[[0;32m  OK  [0m] Listening on Socket activation for snappy daemon.
[[0;32m  OK  [0m] Listening on LXD - unix socket.
[[0;32m  OK  [0m] Started iSCSI initiator daemon (iscsid).
         Starting Login to default iSCSI targets...
[[0;32m  OK  [0m] Reached target Sockets.
[[0;32m  OK  [0m] Reached target Basic System.
[[0;32m  OK  [0m] Started ACPI event daemon.
         Starting LSB: MD monitoring daemon...
         Starting Login Service...
         Starting LSB: Record successful boot for GRUB...
         Starting System Logging Service...
[[0;32m  OK  [0m] Started D-Bus System Message Bus.
         Starting /etc/rc.local Compatibility...
         Starting Apply the settings specified in cloud-config...
         Starting Accounts Service...
[[0;32m  OK  [0m] Started Regular background program processing daemon.
         Starting OpenBSD Secure Shell server...
[[0;32m  OK  [0m] Started Deferred execution scheduler.
         Starting LXD - container startup/shutdown...
[[0;32m  OK  [0m] Started Unattended Upgrades Shutdown.
[[0;32m  OK  [0m] Started FUSE filesystem for LXC.
         Starting Snappy daemon...
[[0;32m  OK  [0m] Started System Logging Service.
[[0;32m  OK  [0m] Started OpenBSD Secure Shell server.
[[0;32m  OK  [0m] Started Snappy daemon.
[[0;32m  OK  [0m] Started /etc/rc.local Compatibility.
[[0;32m  OK  [0m] Started LXD - container startup/shutdown.
[   38.502334] cloud-init[1143]: Cloud-init v. 17.1 running 'modules:config' at Fri, 08 Dec 2017 22:16:29 +0000. Up 38.39 seconds.
[[0;32m  OK  [0m] Started LSB: MD monitoring daemon.
[[0;32m  OK  [0m] Started Apply the settings specified in cloud-config.
[[0;32m  OK  [0m] Started Login to default iSCSI targets.
[[0;32m  OK  [0m] Started LSB: Record successful boot for GRUB.
[[0;32m  OK  [0m] Started Login Service.
         Starting Authenticate and Authorize Users to Run Privileged Tasks...
[[0;32m  OK  [0m] Reached target Remote File Systems (Pre).
[[0;32m  OK  [0m] Reached target Remote File Systems.
         Starting LSB: daemon to balance interrupts for SMP systems...
         Starting LSB: automatic crash report generation...
         Starting LSB: VirtualBox Linux Additions...
         Starting Permit User Sessions...
         Starting LSB: Set the CPU Frequency Scaling governor to "ondemand"...
[[0;32m  OK  [0m] Started Permit User Sessions.
[[0;32m  OK  [0m] Started Authenticate and Authorize Users to Run Privileged Tasks.
[[0;32m  OK  [0m] Started Accounts Service.
[[0;32m  OK  [0m] Started LSB: daemon to balance interrupts for SMP systems.
[[0;32m  OK  [0m] Started LSB: automatic crash report generation.
[[0;32m  OK  [0m] Started LSB: VirtualBox Linux Additions.
[[0;32m  OK  [0m] Created slice User Slice of ubuntu.
         Starting User Manager for UID 1000...
[[0;32m  OK  [0m] Started Session 1 of user ubuntu.
         Starting Terminate Plymouth Boot Screen...
         Starting Hold until boot process finishes up...
[[0;32m  OK  [0m] Started User Manager for UID 1000.
[[0;32m  OK  [0m] Started LSB: Set the CPU Frequency Scaling governor to "ondemand".
[[0;32m  OK  [0m] Started Terminate Plymouth Boot Screen.
[[0;32m  OK  [0m] Started Hold until boot process finishes up.
[[0;32m  OK  [0m] Started Getty on tty1.
         Starting Set console scheme...
[[0;32m  OK  [0m] Started Serial Getty on ttyS0.
[[0;32m  OK  [0m] Reached target Login Prompts.
[[0;32m  OK  [0m] Reached target Multi-User System.
         Starting Execute cloud user/final scripts...
[[0;32m  OK  [0m] Reached target Graphical Interface.
         Starting Update UTMP about System Runlevel Changes...
[[0;32m  OK  [0m] Started Set console scheme.
[[0;32m  OK  [0m] Started Update UTMP about System Runlevel Changes.
[   40.203756] cloud-init[1300]: Cloud-init v. 17.1 running 'modules:final' at Fri, 08 Dec 2017 22:16:31 +0000. Up 40.09 seconds.
[[0;32m  OK  [0m] Started Execute cloud user/final scripts.
[   40.356866] cloud-init[1300]: Cloud-init v. 17.1 finished at Fri, 08 Dec 2017 22:16:31 +0000. Datasource DataSourceNoCloud [seed=/dev/sdb][dsmode=net].  Up 40.19 seconds
[[0;32m  OK  [0m] Reached target Cloud-init target.

Ubuntu 16.04.3 LTS host1 ttyS0

host1 login: 