[    0.000000] Initializing cgroup subsys cpuset
[    0.000000] Initializing cgroup subsys cpu
[    0.000000] Initializing cgroup subsys cpuacct
[    0.000000] Linux version 4.4.0-101-generic (buildd@lcy01-amd64-006) (gcc version 5.4.0 20160609 (Ubuntu 5.4.0-6ubuntu1~16.04.5) ) #124-Ubuntu SMP Fri Nov 10 18:29:59 UTC 2017 (Ubuntu 4.4.0-101.124-generic 4.4.95)
[    0.000000] Command line: BOOT_IMAGE=/boot/vmlinuz-4.4.0-101-generic root=LABEL=cloudimg-rootfs ro console=tty1 console=ttyS0
[    0.000000] KERNEL supported cpus:
[    0.000000]   Intel GenuineIntel
[    0.000000]   AMD AuthenticAMD
[    0.000000]   Centaur CentaurHauls
[    0.000000] x86/fpu: xstate_offset[2]:  576, xstate_sizes[2]:  256
[    0.000000] x86/fpu: Supporting XSAVE feature 0x01: 'x87 floating point registers'
[    0.000000] x86/fpu: Supporting XSAVE feature 0x02: 'SSE registers'
[    0.000000] x86/fpu: Supporting XSAVE feature 0x04: 'AVX registers'
[    0.000000] x86/fpu: Enabled xstate features 0x7, context size is 832 bytes, using 'standard' format.
[    0.000000] x86/fpu: Using 'lazy' FPU context switches.
[    0.000000] e820: BIOS-provided physical RAM map:
[    0.000000] BIOS-e820: [mem 0x0000000000000000-0x000000000009fbff] usable
[    0.000000] BIOS-e820: [mem 0x000000000009fc00-0x000000000009ffff] reserved
[    0.000000] BIOS-e820: [mem 0x00000000000f0000-0x00000000000fffff] reserved
[    0.000000] BIOS-e820: [mem 0x0000000000100000-0x000000003ffeffff] usable
[    0.000000] BIOS-e820: [mem 0x000000003fff0000-0x000000003fffffff] ACPI data
[    0.000000] BIOS-e820: [mem 0x00000000fec00000-0x00000000fec00fff] reserved
[    0.000000] BIOS-e820: [mem 0x00000000fee00000-0x00000000fee00fff] reserved
[    0.000000] BIOS-e820: [mem 0x00000000fffc0000-0x00000000ffffffff] reserved
[    0.000000] NX (Execute Disable) protection: active
[    0.000000] SMBIOS 2.5 present.
[    0.000000] Hypervisor detected: KVM
[    0.000000] e820: last_pfn = 0x3fff0 max_arch_pfn = 0x400000000
[    0.000000] MTRR: Disabled
[    0.000000] x86/PAT: MTRRs disabled, skipping PAT initialization too.
[    0.000000] CPU MTRRs all blank - virtualized system.
[    0.000000] x86/PAT: Configuration [0-7]: WB  WT  UC- UC  WB  WT  UC- UC  
[    0.000000] found SMP MP-table at [mem 0x0009fff0-0x0009ffff] mapped at [ffff88000009fff0]
[    0.000000] Scanning 1 areas for low memory corruption
[    0.000000] RAMDISK: [mem 0x36ad4000-0x37561fff]
[    0.000000] ACPI: Early table checksum verification disabled
[    0.000000] ACPI: RSDP 0x00000000000E0000 000024 (v02 VBOX  )
[    0.000000] ACPI: XSDT 0x000000003FFF0030 00003C (v01 VBOX   VBOXXSDT 00000001 ASL  00000061)
[    0.000000] ACPI: FACP 0x000000003FFF00F0 0000F4 (v04 VBOX   VBOXFACP 00000001 ASL  00000061)
[    0.000000] ACPI: DSDT 0x000000003FFF0470 0021C8 (v02 VBOX   VBOXBIOS 00000002 INTL 20100528)
[    0.000000] ACPI: FACS 0x000000003FFF0200 000040
[    0.000000] ACPI: FACS 0x000000003FFF0200 000040
[    0.000000] ACPI: APIC 0x000000003FFF0240 00005C (v02 VBOX   VBOXAPIC 00000001 ASL  00000061)
[    0.000000] ACPI: SSDT 0x000000003FFF02A0 0001CC (v01 VBOX   VBOXCPUT 00000002 INTL 20100528)
[    0.000000] No NUMA configuration found
[    0.000000] Faking a node at [mem 0x0000000000000000-0x000000003ffeffff]
[    0.000000] NODE_DATA(0) allocated [mem 0x3ffeb000-0x3ffeffff]
[    0.000000] kvm-clock: Using msrs 4b564d01 and 4b564d00
[    0.000000] kvm-clock: cpu 0, msr 0:3ffe3001, primary cpu clock
[    0.000000] kvm-clock: using sched offset of 3156731138 cycles
[    0.000000] clocksource: kvm-clock: mask: 0xffffffffffffffff max_cycles: 0x1cd42e4dffb, max_idle_ns: 881590591483 ns
[    0.000000] Zone ranges:
[    0.000000]   DMA      [mem 0x0000000000001000-0x0000000000ffffff]
[    0.000000]   DMA32    [mem 0x0000000001000000-0x000000003ffeffff]
[    0.000000]   Normal   empty
[    0.000000]   Device   empty
[    0.000000] Movable zone start for each node
[    0.000000] Early memory node ranges
[    0.000000]   node   0: [mem 0x0000000000001000-0x000000000009efff]
[    0.000000]   node   0: [mem 0x0000000000100000-0x000000003ffeffff]
[    0.000000] Initmem setup node 0 [mem 0x0000000000001000-0x000000003ffeffff]
[    0.000000] ACPI: PM-Timer IO Port: 0x4008
[    0.000000] IOAPIC[0]: apic_id 2, version 32, address 0xfec00000, GSI 0-23
[    0.000000] ACPI: INT_SRC_OVR (bus 0 bus_irq 0 global_irq 2 dfl dfl)
[    0.000000] ACPI: INT_SRC_OVR (bus 0 bus_irq 9 global_irq 9 high level)
[    0.000000] Using ACPI (MADT) for SMP configuration information
[    0.000000] smpboot: Allowing 2 CPUs, 0 hotplug CPUs
[    0.000000] PM: Registered nosave memory: [mem 0x00000000-0x00000fff]
[    0.000000] PM: Registered nosave memory: [mem 0x0009f000-0x0009ffff]
[    0.000000] PM: Registered nosave memory: [mem 0x000a0000-0x000effff]
[    0.000000] PM: Registered nosave memory: [mem 0x000f0000-0x000fffff]
[    0.000000] e820: [mem 0x40000000-0xfebfffff] available for PCI devices
[    0.000000] Booting paravirtualized kernel on KVM
[    0.000000] clocksource: refined-jiffies: mask: 0xffffffff max_cycles: 0xffffffff, max_idle_ns: 7645519600211568 ns
[    0.000000] setup_percpu: NR_CPUS:512 nr_cpumask_bits:512 nr_cpu_ids:2 nr_node_ids:1
[    0.000000] PERCPU: Embedded 34 pages/cpu @ffff88003fc00000 s98328 r8192 d32744 u1048576
[    0.000000] PV qspinlock hash table entries: 256 (order: 0, 4096 bytes)
[    0.000000] Built 1 zonelists in Node order, mobility grouping on.  Total pages: 257913
[    0.000000] Policy zone: DMA32
[    0.000000] Kernel command line: BOOT_IMAGE=/boot/vmlinuz-4.4.0-101-generic root=LABEL=cloudimg-rootfs ro console=tty1 console=ttyS0
[    0.000000] PID hash table entries: 4096 (order: 3, 32768 bytes)
[    0.000000] Memory: 1001756K/1048120K available (8484K kernel code, 1294K rwdata, 3988K rodata, 1492K init, 1316K bss, 46364K reserved, 0K cma-reserved)
[    0.000000] SLUB: HWalign=64, Order=0-3, MinObjects=0, CPUs=2, Nodes=1
[    0.000000] Hierarchical RCU implementation.
[    0.000000] 	Build-time adjustment of leaf fanout to 64.
[    0.000000] 	RCU restricting CPUs from NR_CPUS=512 to nr_cpu_ids=2.
[    0.000000] RCU: Adjusting geometry for rcu_fanout_leaf=64, nr_cpu_ids=2
[    0.000000] NR_IRQS:33024 nr_irqs:440 16
[    0.000000] Console: colour VGA+ 80x25
[    0.000000] console [tty1] enabled
[    0.000000] console [ttyS0] enabled
[    0.000000] tsc: Detected 2194.918 MHz processor
[   12.303553] Calibrating delay loop (skipped) preset value.. 4389.83 BogoMIPS (lpj=8779672)
[   12.505030] pid_max: default: 32768 minimum: 301
[   12.534601] ACPI: Core revision 20150930
[   12.642197] ACPI: 2 ACPI AML tables successfully acquired and loaded
[   12.679322] Security Framework initialized
[   12.779779] Yama: becoming mindful.
[   12.872834] AppArmor: AppArmor initialized
[   12.978977] Dentry cache hash table entries: 131072 (order: 8, 1048576 bytes)
[   13.135769] Inode-cache hash table entries: 65536 (order: 7, 524288 bytes)
[   13.166632] Mount-cache hash table entries: 2048 (order: 2, 16384 bytes)
[   13.169894] Mountpoint-cache hash table entries: 2048 (order: 2, 16384 bytes)
[   13.171114] Initializing cgroup subsys io
[   13.270515] Initializing cgroup subsys memory
[   13.355116] Initializing cgroup subsys devices
[   13.457710] Initializing cgroup subsys freezer
[   13.547055] Initializing cgroup subsys net_cls
[   13.653527] Initializing cgroup subsys perf_event
[   13.765039] Initializing cgroup subsys net_prio
[   13.870440] Initializing cgroup subsys hugetlb
[   13.993353] Initializing cgroup subsys pids
[   14.095065] CPU: Physical Processor ID: 0
[   14.187910] CPU: Processor Core ID: 0
[   14.231347] mce: CPU supports 0 MCE banks
[   14.309896] Last level iTLB entries: 4KB 1024, 2MB 1024, 4MB 1024
[   14.459032] Last level dTLB entries: 4KB 1024, 2MB 1024, 4MB 1024, 1GB 4
[   14.629364] Freeing SMP alternatives memory: 32K
[   14.741891] ftrace: allocating 32156 entries in 126 pages
[   14.901049] smpboot: APIC(0) Converting physical 0 to logical package 0
[   15.067272] smpboot: Max logical packages: 1
[   15.182734] x2apic enabled
[   15.242297] Switched APIC routing to physical x2apic.
[   15.312512] ..TIMER: vector=0x30 apic1=0 pin1=2 apic2=-1 pin2=-1
[   15.535078] smpboot: CPU0: Intel(R) Core(TM) i7-4770HQ CPU @ 2.20GHz (family: 0x6, model: 0x46, stepping: 0x1)
[   15.797732] Performance Events: unsupported p6 CPU model 70 no PMU driver, software events only.
[   16.038205] KVM setup paravirtual spinlock
[   16.137087] x86: Booting SMP configuration:
[   16.250530] .... node  #0, CPUs:      #1
[   16.356583] kvm-clock: cpu 1, msr 0:3ffe3041, secondary cpu clock
[   16.398399] mce: CPU supports 0 MCE banks
[   16.413544] x86: Booted up 1 node, 2 CPUs
[   16.494319] smpboot: Total of 2 processors activated (8779.67 BogoMIPS)
[   16.651587] devtmpfs: initialized
[   16.743417] evm: security.selinux
[   16.818425] evm: security.SMACK64
[   16.909920] evm: security.SMACK64EXEC
[   17.008727] evm: security.SMACK64TRANSMUTE
[   17.120762] evm: security.SMACK64MMAP
[   17.219313] evm: security.ima
[   17.294677] evm: security.capability
[   17.369850] clocksource: jiffies: mask: 0xffffffff max_cycles: 0xffffffff, max_idle_ns: 7645041785100000 ns
[   17.499849] futex hash table entries: 512 (order: 3, 32768 bytes)
[   17.661961] pinctrl core: initialized pinctrl subsystem
[   17.766196] RTC time: 23:23:27, date: 12/10/17
[   17.871965] NET: Registered protocol family 16
[   18.000120] cpuidle: using governor ladder
[   18.115210] cpuidle: using governor menu
[   18.220488] PCCT header not found.
[   18.305937] ACPI: bus type PCI registered
[   18.413476] acpiphp: ACPI Hot Plug PCI Controller Driver version: 0.5
[   18.549970] PCI: Using configuration type 1 for base access
[   18.595489] ACPI: Added _OSI(Module Device)
[   18.713985] ACPI: Added _OSI(Processor Device)
[   18.828404] ACPI: Added _OSI(3.0 _SCP Extensions)
[   18.944008] ACPI: Added _OSI(Processor Aggregator Device)
[   19.084610] ACPI: Executed 1 blocks of module-level executable AML code
[   19.248734] ACPI: Interpreter enabled
[   19.352294] ACPI: (supports S0 S5)
[   19.437130] ACPI: Using IOAPIC for interrupt routing
[   19.579208] PCI: Using host bridge windows from ACPI; if necessary, use "pci=nocrs" and report a bug
[   19.705583] ACPI: PCI Root Bridge [PCI0] (domain 0000 [bus 00-ff])
[   19.876308] acpi PNP0A03:00: _OSC: OS supports [ASPM ClockPM Segments MSI]
[   20.031695] acpi PNP0A03:00: _OSC failed (AE_NOT_FOUND); disabling ASPM
[   20.203772] acpi PNP0A03:00: fail to add MMCONFIG information, can't access extended PCI configuration space under this bridge.
[   20.487052] PCI host bridge to bus 0000:00
[   20.606185] pci_bus 0000:00: root bus resource [io  0x0000-0x0cf7 window]
[   20.721464] pci_bus 0000:00: root bus resource [io  0x0d00-0xffff window]
[   20.742367] pci_bus 0000:00: root bus resource [mem 0x000a0000-0x000bffff window]
[   20.743658] pci_bus 0000:00: root bus resource [mem 0x40000000-0xffdfffff window]
[   20.744964] pci_bus 0000:00: root bus resource [bus 00-ff]
[   20.747585] pci 0000:00:01.1: legacy IDE quirk: reg 0x10: [io  0x01f0-0x01f7]
[   20.916171] pci 0000:00:01.1: legacy IDE quirk: reg 0x14: [io  0x03f6]
[   21.082020] pci 0000:00:01.1: legacy IDE quirk: reg 0x18: [io  0x0170-0x0177]
[   21.288670] pci 0000:00:01.1: legacy IDE quirk: reg 0x1c: [io  0x0376]
[   21.472262] pci 0000:00:07.0: quirk: [io  0x4000-0x403f] claimed by PIIX4 ACPI
[   21.640520] pci 0000:00:07.0: quirk: [io  0x4100-0x410f] claimed by PIIX4 SMB
[   21.799428] ACPI: PCI Interrupt Link [LNKA] (IRQs 5 9 10 *11)
[   21.846728] ACPI: PCI Interrupt Link [LNKB] (IRQs 5 9 10 *11)
[   21.995783] ACPI: PCI Interrupt Link [LNKC] (IRQs 5 9 *10 11)
[   22.128720] ACPI: PCI Interrupt Link [LNKD] (IRQs 5 *9 10 11)
[   22.266009] ACPI: Enabled 2 GPEs in block 00 to 07
[   22.384780] vgaarb: setting as boot device: PCI:0000:00:02.0
[   22.469576] vgaarb: device added: PCI:0000:00:02.0,decodes=io+mem,owns=io+mem,locks=none
[   22.614823] vgaarb: loaded
[   22.667741] vgaarb: bridge control possible 0000:00:02.0
[   22.788085] SCSI subsystem initialized
[   22.868239] ACPI: bus type USB registered
[   22.905572] usbcore: registered new interface driver usbfs
[   22.994851] usbcore: registered new interface driver hub
[   23.118156] usbcore: registered new device driver usb
[   23.197674] PCI: Using ACPI for IRQ routing
[   23.287054] NetLabel: Initializing
[   23.356941] NetLabel:  domain hash size = 128
[   23.446958] NetLabel:  protocols = UNLABELED CIPSOv4
[   23.554948] NetLabel:  unlabeled traffic allowed by default
[   23.699599] amd_nb: Cannot enumerate AMD northbridges
[   23.811673] clocksource: Switched to clocksource kvm-clock
[   23.951090] AppArmor: AppArmor Filesystem Enabled
[   24.068340] pnp: PnP ACPI init
[   24.151632] pnp: PnP ACPI: found 3 devices
[   24.288224] clocksource: acpi_pm: mask: 0xffffff max_cycles: 0xffffff, max_idle_ns: 2085701024 ns
[   24.559019] NET: Registered protocol family 2
[   24.670871] TCP established hash table entries: 8192 (order: 4, 65536 bytes)
[   24.864163] TCP bind hash table entries: 8192 (order: 5, 131072 bytes)
[   25.049055] TCP: Hash tables configured (established 8192 bind 8192)
[   25.213790] UDP hash table entries: 512 (order: 2, 16384 bytes)
[   25.381103] UDP-Lite hash table entries: 512 (order: 2, 16384 bytes)
[   25.564042] NET: Registered protocol family 1
[   25.689212] pci 0000:00:00.0: Limiting direct PCI/PCI transfers
[   25.849267] pci 0000:00:01.0: Activating ISA DMA hang workarounds
[   26.001551] Unpacking initramfs...
[   27.781485] Freeing initrd memory: 10808K
[   27.900861] platform rtc_cmos: registered platform RTC device (no PNP device found)
[   28.080912] Scanning for low memory corruption every 60 seconds
[   28.198516] audit: initializing netlink subsys (disabled)
[   28.296614] audit: type=2000 audit(1512948199.796:1): initialized
[   28.321910] Initialise system trusted keyring
[   28.411725] HugeTLB registered 2 MB page size, pre-allocated 0 pages
[   28.569825] zbud: loaded
[   28.639601] VFS: Disk quotas dquot_6.6.0
[   28.749049] VFS: Dquot-cache hash table entries: 512 (order 0, 4096 bytes)
[   28.902983] tsc: Refined TSC clocksource calibration: 2197.190 MHz
[   28.902986] clocksource: tsc: mask: 0xffffffffffffffff max_cycles: 0x1fabd4714a6, max_idle_ns: 440795272248 ns
[   29.330131] squashfs: version 4.0 (2009/01/31) Phillip Lougher
[   29.383065] fuse init (API version 7.23)
[   29.396833] Key type big_key registered
[   29.407868] Allocating IMA MOK and blacklist keyrings.
[   29.413801] Key type asymmetric registered
[   29.416038] Asymmetric key parser 'x509' registered
[   29.519319] Block layer SCSI generic (bsg) driver version 0.4 loaded (major 249)
[   29.730066] io scheduler noop registered
[   29.827562] io scheduler deadline registered (default)
[   29.979614] io scheduler cfq registered
[   30.108889] pci_hotplug: PCI Hot Plug PCI Core version: 0.5
[   30.334500] pciehp: PCI Express Hot Plug Controller Driver version: 0.4
[   30.462876] ACPI: AC Adapter [AC] (on-line)
[   30.488064] input: Power Button as /devices/LNXSYSTM:00/LNXPWRBN:00/input/input0
[   30.592723] ACPI: Power Button [PWRF]
[   30.709187] input: Sleep Button as /devices/LNXSYSTM:00/LNXSLPBN:00/input/input1
[   30.867987] ACPI: Sleep Button [SLPF]
[   30.950963] ACPI: Battery Slot [BAT0] (battery present)
[   31.079553] GHES: HEST is not enabled!
[   31.156238] Serial: 8250/16550 driver, 32 ports, IRQ sharing enabled
[   31.340491] 00:02: ttyS0 at I/O 0x3f8 (irq = 4, base_baud = 115200) is a 16550A
[   31.523403] Linux agpgart interface v0.103
[   31.547857] loop: module loaded
[   31.563763] scsi host0: ata_piix
[   31.581342] scsi host1: ata_piix
[   31.582013] ata1: PATA max UDMA/33 cmd 0x1f0 ctl 0x3f6 bmdma 0xd000 irq 14
[   31.583067] ata2: PATA max UDMA/33 cmd 0x170 ctl 0x376 bmdma 0xd008 irq 15
[   31.584234] libphy: Fixed MDIO Bus: probed
[   31.649714] tun: Universal TUN/TAP device driver, 1.6
[   31.772905] tun: (C) 1999-2004 Max Krasnyansky <maxk@qualcomm.com>
[   31.933822] PPP generic driver version 2.4.2
[   32.038859] ehci_hcd: USB 2.0 'Enhanced' Host Controller (EHCI) Driver
[   32.212933] ehci-pci: EHCI PCI platform driver
[   32.333591] ehci-platform: EHCI generic platform driver
[   32.422732] ohci_hcd: USB 1.1 'Open' Host Controller (OHCI) Driver
[   32.579106] ohci-pci: OHCI PCI platform driver
[   32.633149] ohci-platform: OHCI generic platform driver
[   32.657517] uhci_hcd: USB Universal Host Controller Interface driver
[   32.769670] i8042: PNP: PS/2 Controller [PNP0303:PS2K,PNP0f03:PS2M] at 0x60,0x64 irq 1,12
[   33.006806] serio: i8042 KBD port at 0x60,0x64 irq 1
[   33.141882] serio: i8042 AUX port at 0x60,0x64 irq 12
[   33.242997] mousedev: PS/2 mouse device common for all mice
[   33.245994] input: AT Translated Set 2 keyboard as /devices/platform/i8042/serio0/input/input2
[   33.461221] rtc_cmos rtc_cmos: rtc core: registered rtc_cmos as rtc0
[   33.615858] rtc_cmos rtc_cmos: alarms up to one day, 114 bytes nvram
[   33.751783] i2c /dev entries driver
[   33.832572] device-mapper: uevent: version 1.0.3
[   33.950711] device-mapper: ioctl: 4.34.0-ioctl (2015-10-28) initialised: dm-devel@redhat.com
[   34.185596] ledtrig-cpu: registered to indicate activity on CPUs
[   34.370447] NET: Registered protocol family 10
[   34.538910] NET: Registered protocol family 17
[   34.631309] Key type dns_resolver registered
[   34.732956] microcode: CPU0 sig=0x40661, pf=0x40, revision=0x0
[   34.808838] microcode: CPU1 sig=0x40661, pf=0x40, revision=0x0
[   34.825774] microcode: Microcode Update Driver: v2.01 <tigran@aivazian.fsnet.co.uk>, Peter Oruba
[   34.839847] registered taskstats version 1
[   34.840765] Loading compiled-in X.509 certificates
[   34.842210] Loaded X.509 cert 'Build time autogenerated kernel key: f91c6829a34a801956ec6287af569c0a1f1f8d39'
[   34.843848] zswap: loaded using pool lzo/zbud
[   34.922322] Key type trusted registered
[   35.019581] Key type encrypted registered
[   35.079618] AppArmor: AppArmor sha1 policy hashing enabled
[   35.216246] ima: No TPM chip found, activating TPM-bypass!
[   35.396127] evm: HMAC attrs: 0x1
[   35.476013]   Magic number: 13:53:403
[   35.581545] power_supply BAT0: hash matches
[   35.729659] rtc_cmos rtc_cmos: setting system clock to 2017-12-10 23:23:45 UTC (1512948225)
[   35.894802] BIOS EDD facility v0.16 2004-Jun-25, 0 devices found
[   35.915643] EDD information not available.
[   35.917552] Freeing unused kernel memory: 1492K
[   35.918382] Write protecting the kernel read-only data: 14336k
[   35.919969] Freeing unused kernel memory: 1744K
[   36.019509] Freeing unused kernel memory: 108K
Loading, please wait...
[   36.143564] random: systemd-udevd: uninitialized urandom read (16 bytes read, 4 bits of entropy available)
starting version[   36.144105] random: udevadm: uninitialized urandom read (16 bytes read, 4 bits of entropy available)
 229
[   36.144119] random: udevadm: uninitialized urandom read (16 bytes read, 4 bits of entropy available)
[   36.149570] random: udevadm: uninitialized urandom read (16 bytes read, 4 bits of entropy available)
[   36.149598] random: udevadm: uninitialized urandom read (16 bytes read, 4 bits of entropy available)
[   36.149685] random: udevadm: uninitialized urandom read (16 bytes read, 4 bits of entropy available)
[   36.149720] random: udevadm: uninitialized urandom read (16 bytes read, 4 bits of entropy available)
[   36.149752] random: udevadm: uninitialized urandom read (16 bytes read, 4 bits of entropy available)
[   36.149785] random: udevadm: uninitialized urandom read (16 bytes read, 4 bits of entropy available)
[   36.149817] random: udevadm: uninitialized urandom read (16 bytes read, 4 bits of entropy available)
[   37.029914] e1000: Intel(R) PRO/1000 Network Driver - version 7.3.21-k8-NAPI
[   37.236173] e1000: Copyright (c) 1999-2006 Intel Corporation.
[   37.348907] Fusion MPT base driver 3.04.20
[   37.460439] Copyright (c) 1999-2008 LSI Corporation
[   37.627227] Fusion MPT SPI Host driver 3.04.20
[   37.771834] AVX version of gcm_enc/dec engaged.
[   37.882929] AES CTR mode by8 optimization enabled
[   38.014235] input: ImExPS/2 Generic Explorer Mouse as /devices/platform/i8042/serio1/input/input4
[   38.112371] e1000 0000:00:03.0 eth0: (PCI:33MHz:32-bit) 02:b9:83:f0:a4:db
[   38.273058] e1000 0000:00:03.0 eth0: Intel(R) PRO/1000 Network Connection
[   38.470180] mptbase: ioc0: Initiating bringup
[   38.470435] e1000 0000:00:03.0 enp0s3: renamed from eth0
[   38.772191] ioc0: LSI53C1030 A0: Capabilities={Initiator}
[   39.059383] scsi host2: ioc0: LSI53C1030 A0, FwRev=00000000h, Ports=1, MaxQ=256, IRQ=20
[   39.353271] scsi 2:0:0:0: Direct-Access     VBOX     HARDDISK         1.0  PQ: 0 ANSI: 5
[   39.532290] scsi target2:0:0: Beginning Domain Validation
[   39.651359] scsi target2:0:0: Domain Validation skipping write tests
[   39.739281] scsi target2:0:0: Ending Domain Validation
[   39.878804] scsi target2:0:0: asynchronous
[   39.995835] scsi 2:0:1:0: Direct-Access     VBOX     HARDDISK         1.0  PQ: 0 ANSI: 5
[   40.195699] scsi target2:0:1: Beginning Domain Validation
[   40.274598] scsi target2:0:1: Domain Validation skipping write tests
[   40.422789] scsi target2:0:1: Ending Domain Validation
[   40.422874] floppy0: no floppy controllers found
[   40.422921] work still pending
[   40.634398] scsi target2:0:1: asynchronous
[   40.751970] sd 2:0:0:0: Attached scsi generic sg0 type 0
[   40.892846] sd 2:0:0:0: [sda] 20971520 512-byte logical blocks: (10.7 GB/10.0 GiB)
[   40.893005] sd 2:0:1:0: Attached scsi generic sg1 type 0
[   40.893254] sd 2:0:1:0: [sdb] 20480 512-byte logical blocks: (10.5 MB/10.0 MiB)
[   40.893606] sd 2:0:1:0: [sdb] Write Protect is off
[   40.893816] sd 2:0:1:0: [sdb] Incomplete mode parameter data
[   40.893817] sd 2:0:1:0: [sdb] Assuming drive cache: write through
[   40.895479] sd 2:0:1:0: [sdb] Attached SCSI disk
[   41.407843] sd 2:0:0:0: [sda] Write Protect is off
[   41.527396] sd 2:0:0:0: [sda] Incomplete mode parameter data
[   41.687952] sd 2:0:0:0: [sda] Assuming drive cache: write through
[   41.854069]  sda: sda1
[   41.917602] sd 2:0:0:0: [sda] Attached SCSI disk
Begin: Loading e[   43.342795] md: linear personality registered for level -1
ssential drivers[   43.464876] md: multipath personality registered for level -4
 ... [   43.489756] md: raid0 personality registered for level 0
[   43.611336] md: raid1 personality registered for level 1
[   43.843687] raid6: sse2x1   gen()  9596 MB/s
[   44.020178] raid6: sse2x1   xor()  7748 MB/s
[   44.195745] raid6: sse2x2   gen() 13264 MB/s
[   44.379837] raid6: sse2x2   xor()  8814 MB/s
[   44.567694] raid6: sse2x4   gen() 13751 MB/s
[   44.715685] raid6: sse2x4   xor() 10310 MB/s
[   44.813695] raid6: using algorithm sse2x4 gen() 13751 MB/s
[   44.973158] raid6: .... xor() 10310 MB/s, rmw enabled
[   45.108315] raid6: using ssse3x2 recovery algorithm
[   45.249007] xor: automatically using best checksumming function:
[   45.488877]    avx       : 52771.000 MB/sec
[   45.618857] async_tx: api initialized (async)
[   45.663357] md: raid6 personality registered for level 6
[   45.815968] md: raid5 personality registered for level 5
[   45.932176] md: raid4 personality registered for level 4
[   46.041604] md: raid10 personality registered for level 10
done.
Begin: Running /scripts/init-p[   46.213755] Btrfs loaded
remount ... done.
Begin: Mounting root file system ... Begin: Running /scripts/local-top ... done.
Begin: Running /scripts/local-premount ... Scanning for Btrfs filesystems
done.
Warning: fsck no[   46.303349] EXT4-fs (sda1): mounted filesystem with ordered data mode. Opts: (null)
t present, so skipping root file system
done.
Begin: Running /scripts/local-bottom ... done.
Begin: Running /scripts/init-bottom ... done.
[   46.571512] systemd[1]: systemd 229 running in system mode. (+PAM +AUDIT +SELINUX +IMA +APPARMOR +SMACK +SYSVINIT +UTMP +LIBCRYPTSETUP +GCRYPT +GNUTLS +ACL +XZ -LZ4 +SECCOMP +BLKID +ELFUTILS +KMOD -IDN)
[   46.738873] systemd[1]: Detected virtualization oracle.
[   46.772999] systemd[1]: Detected architecture x86-64.

Welcome to [1mUbuntu 16.04.3 LTS[0m!

[   46.804694] systemd[1]: Set hostname to <ubuntu-xenial>.
[   47.058897] systemd[1]: Reached target Swap.
[[0;32m  OK  [0m] Reached target Swap.
[   47.208555] systemd[1]: Set up automount Arbitrary Executable File Formats File System Automount Point.
[[0;32m  OK  [0m] Set up automount Arbitrary Executab...ats File System Automount Point.
[   47.508640] systemd[1]: Listening on /dev/initctl Compatibility Named Pipe.
[[0;32m  OK  [0m] Listening on /dev/initctl Compatibility Named Pipe.
[   47.772020] systemd[1]: Reached target Encrypted Volumes.
[[0;32m  OK  [0m] Reached target Encrypted Volumes.
[   47.844333] systemd[1]: Started Forward Password Requests to Wall Directory Watch.
[[0;32m  OK  [0m] Started Forward Password Requests to Wall Directory Watch.
[   48.115957] systemd[1]: Reached target User and Group Name Lookups.
[[0;32m  OK  [0m] Reached target User and Group Name Lookups.
[   48.336060] systemd[1]: Created slice System Slice.
[[0;32m  OK  [0m] Created slice System Slice.
[   48.505341] systemd[1]: Created slice system-serial\x2dgetty.slice.
[[0;32m  OK  [0m] Created slice system-serial\x2dgetty.slice.
[   48.663177] systemd[1]: Listening on Journal Audit Socket.
[[0;32m  OK  [0m] Listening on Journal Audit Socket.
[   48.864027] systemd[1]: Listening on Syslog Socket.
[[0;32m  OK  [0m] Listening on Syslog Socket.
[   48.906390] systemd[1]: Listening on LVM2 poll daemon socket.
[[0;32m  OK  [0m] Listening on LVM2 poll daemon socket.
[   49.040340] systemd[1]: Listening on LVM2 metadata daemon socket.
[[0;32m  OK  [0m] Listening on LVM2 metadata daemon socket.
[   49.220248] systemd[1]: Listening on udev Control Socket.
[[0;32m  OK  [0m] Listening on udev Control Socket.
[   49.472300] systemd[1]: Listening on Device-mapper event daemon FIFOs.
[[0;32m  OK  [0m] Listening on Device-mapper event daemon FIFOs.
[   49.704167] systemd[1]: Listening on udev Kernel Socket.
[[0;32m  OK  [0m] Listening on udev Kernel Socket.
[   49.896909] systemd[1]: Listening on Journal Socket (/dev/log).
[[0;32m  OK  [0m] Listening on Journal Socket (/dev/log).
[   49.992292] systemd[1]: Started Trigger resolvconf update for networkd DNS.
[[0;32m  OK  [0m] Started Trigger resolvconf update for networkd DNS.
[   50.260456] systemd[1]: Created slice User and Session Slice.
[[0;32m  OK  [0m] Created slice User and Session Slice.
[   50.448324] systemd[1]: Reached target Slices.
[[0;32m  OK  [0m] Reached target Slices.
[   50.628328] systemd[1]: Listnning on Journal Socket.
[[0;32m  OK  [0m] Listening on Journal Socket.
[   50.923922] systemd[1]: Mounting POSIX Message Queue File System...
         Mounting POSIX Message Queue File System...
[   51.104465] systemd[1]: Starting Nameserver information manager...
         Starting Nameserver information manager...
[   51.447990] systemd[1]: Starting Set console keymap...
[   51.449361] random: nonblocking pool is initialized
         Starting Set console keymap...
[   51.836537] systemd[1]: Starting Uncomplicated firewall...
         Starting Uncomplicated firewall...
[   52.108006] systemd[1]: Mounting Huge Pages File System...
         Mounting Huge Pages File System...
[   52.157955] systemd[1]: Starting Create list of required static device nodes for the current kernel...
         Starting Create list of required st... nodes for the current kernel...
[   52.396052] systemd[1]: Starting Monitoring of LVM2 mirrors, snapshots etc. using dmeventd or progress polling...
         Starting Monitoring of LVM2 mirrors... dmeventd or progress polling...
[   52.796555] systemd[1]: Starting Load Kernel Modules...
[   52.920053] Loading iSCSI transport class v2.0-870.
         Starting Load Kernel Mo[   53.074991] iscsi: registered transport (tcp)
dules...
[   53.200932] systemd[1]: Starting Remount Root and Kernel File Systems...
         Startin[   53.228909] EXT4-fs (sda1): re-mounted. Opts: (null)
g Remount Root and Kernel File Systems...
[   53.259934] systemd[1]: Mounting Debug File System...
[   53.260011] iscsi: registered transport (iser)
         Mounting Debug File System...
[   53.262790] systemd[1]: Starting Journal Service...
         Starting Journal Service...
[   53.300816] systemd[1]: Mounted POSIX Message Queue File System.
[[0;32m  OK  [0m] Mounted POSIX Message Queue File System.
[   53.508181] systemd[1]: Mounted Huge Pages File System.
[[0;32m  OK  [0m] Mounted Huge Pages File System.
[   53.700457] systemd[1]: Mounted Debug File System.
[[0;32m  OK  [0m] Mounted Debug File System.
[   53.852663] systemd[1]: Started Journal Service.
[[0;32m  OK  [0m] Started Journal Service.
[[0;32m  OK  [0m] Started Set console keymap.
[[0;32m  OK  [0m] Started Uncomplicated firewall.
[[0;32m  OK  [0m] Started Create list of required sta...ce nodes for the current kernel.
[[0;32m  OK  [0m] Started Load Kernel Modules.
[[0;32m  OK  [0m] Started Remount Root and Kernel File Systems.
[[0;32m  OK  [0m] Started Nameserver information manager.
[[0;32m  OK  [0m] Started LVM2 metadata daemon.
         Starting Initial cloud-init job (pre-networking)...
         Starting udev Coldplug all Devices...
         Starting Load/Save Random Seed...
         Starting Apply Kernel Variables...
         Mounting FUSE Control File System...
         Starting Create Static Device Nodes in /dev...
         Starting Flush Journal to Persistent Storage...
[[0;32m  OK  [0m] Mounted FUSE Control File System.
[[0;32m  OK  [0m] Started Load/Save Random Seed.
[[0;32m  OK  [0m] Started Apply Kernel Variables.
[[0;32m  OK  [0m] Started Create Static Device Nodes in /dev.
[[0;32m  OK  [0m] Started Flush Journal to Persistent Storage.
[[0;32m  OK  [0m] Started udev Coldplug all Devices.
         Starting udev Kernel Device Manager...
[[0;32m  OK  [0m] Started udev Kernel Device Manager.
[[0;32m  OK  [0m] Started Monitoring of LVM2 mirrors,...ng dmeventd or progress polling.
[[0;32m  OK  [0m] Reached target Local File Systems (Pre).
[[0;32m  OK  [0m] Reached target Local File Systems.
         Starting Tell Plymouth To Write Out Runtime Data...
         Starting Set console font and keymap...
         Starting Create Volatile Files and Directories...
[   32.089820] cloud-init[438]: Cloud-init v. 17.1 running 'init-local' at Sun, 10 Dec 2017 23:24:04 +0000. Up 31.77 seconds.
         Starting LSB: AppArmor initialization...
[[0;32m  OK  [0m] Started Dispatch Password Requests to Console Directory Watch.
[[0;32m  OK  [0m] Started Tell Plymouth To Write Out Runtime Data.
[[0;32m  OK  [0m] Started Set console font and keymap.
[[0;32m  OK  [0m] Started Create Volatile Files and Directories.
[[0;32m  OK  [0m] Started Initial cloud-init job (pre-networking).
[[0;32m  OK  [0m] Found device /dev/ttyS0.
[[0;32m  OK  [0m] Listening on Load/Save RF Kill Switch Status /dev/rfkill Watch.
[[0;32m  OK  [0m] Reached target Network (Pre).
[[0;32m  OK  [0m] Reached target System Time Synchronized.
         Starting Update UTMP about System Boot/Shutdown...
[[0;32m  OK  [0m] Created slice system-getty.slice.
[[0;32m  OK  [0m] Started LSB: AppArmor initialization.
[[0;32m  OK  [0m] Started ifup for enp0s3.
         Starting Raise network interfaces...
[[0;32m  OK  [0m] Started Update UTMP about System Boot/Shutdown.
[[0;32m  OK  [0m] Started Raise network interfaces.
         Starting Initial cloud-init job (metadata service crawler)...
[[0;32m  OK  [0m] Reached target Network.
[   35.449632] cloud-init[959]: Cloud-init v. 17.1 running 'init' at Sun, 10 Dec 2017 23:24:08 +0000. Up 35.18 seconds.
[[   35.500345] cloud-init[959]: ci-info: +++++++++++++++++++++++++++++++++++++Net device info++++++++++++++++++++++++++++++++++++++
[   35.501125] cloud-init[959]: ci-info: +--------+------+----------------------------+---------------+-------+-------------------+
[0;32m  OK  [0m] Started Initial cloud-init job (metadata service crawler).
[   35.501269] cloud-init[959]: ci-info: | Device |  Up  |          Address           |      Mask     | Scope |     Hw-Address    |
[   35.724194] cloud-init[959]: ci-info: +--------+------+----------------------------+---------------+-------+-------------------+
[   35.724449] cloud-init[959]: ci-info: | enp0s3 | True |         10.0.2.15          | 255.255.255.0 |   .   | 02:b9:83:f0:a4:db |
[   35.724585] cloud-init[959]: ci-info: | enp0s3 | True | fe80::b9:83ff:fef0:a4db/64 |       .       |  link | 02:b9:83:f0:a4:db |
[   35.724730] cloud-init[959]: ci-info: |   lo   | True |         127.0.0.1          |   255.0.0.0   |   .   |         .         |
[   35.724860] cloud-init[959]: ci-info: |   lo   | True |          ::1/128           |       .       |  host |         .         |
[   35.725012] cloud-init[959]: ci-info: +--------+------+----------------------------+---------------+-------+-------------------+
[   35.725128] cloud-init[959]: ci-info: +++++++++++++++++++++++++++Route IPv4 info++++++++++++++++++++++++++++
[   35.725254] cloud-init[959]: ci-info: +-------+-------------+----------+---------------+-----------+-------+
[   35.725376] cloud-init[959]: ci-info: | Route | Destination | Gateway  |    Genmask    | Interface | Flags |
[   35.725501] cloud-init[959]: ci-info: +-------+-------------+----------+---------------+-----------+-------+
[   35.725624] cloud-init[959]: ci-info: |   0   |   0.0.0.0   | 10.0.2.2 |    0.0.0.0    |   enp0s3  |   UG  |
[   35.725748] cloud-init[959]: ci-info: |   1   |   10.0.2.0  | 0.0.0.0  | 255.255.255.0 |   enp0s3  |   U   |
[   35.725874] cloud-init[959]: ci-info: +-------+-------------+----------+---------------+-----------+-------+
[[0;32m  OK  [0m] Reached target Network is Online.
         Starting iSCSI initiator daemon (iscsid)...
[[0;32m  OK  [0m] Reached target Cloud-config availability.
[[0;32m  OK  [0m] Reached target System Initialization.
[[0;32m  OK  [0m] Started Daily Cleanup of Temporary Directories.
         Starting Socket activation for snappy daemon.
[[0;32m  OK  [0m] Listening on ACPID Listen Socket.
         Starting LXD - unix socket.
[[0;32m  OK  [0m] Listening on UUID daemon activation socket.
[[0;32m  OK  [0m] Started Timer to automatically refresh installed snaps.
[[0;32m  OK  [0m] Started Daily apt download activities.
[[0;32m  OK  [0m] Started Daily apt upgrade and clean activities.
[[0;32m  OK  [0m] Reached target Timers.
[[0;32m  OK  [0m] Started ACPI Events Check.
[[0;32m  OK  [0m] Reached target Paths.
[[0;32m  OK  [0m] Listening on D-Bus System Message Bus Socket.
[[0;32m  OK  [0m] Listening on Socket activation for snappy daemon.
[[0;32m  OK  [0m] Listening on LXD - unix socket.
[[0;32m  OK  [0m] Started iSCSI initiator daemon (iscsid).
         Starting Login to default iSCSI targets...
[[0;32m  OK  [0m] Reached target Sockets.
[[0;32m  OK  [0m] Reached target Basic System.
         Starting LSB: MD monitoring daemon...
[[0;32m  OK  [0m] Started ACPI event daemon.
         Starting Apply the settings specified in cloud-config...
[[0;32m  OK  [0m] Started Deferred execution scheduler.
         Starting /etc/rc.local Compatibility...
         Starting LXD - container startup/shutdown...
[[0;32m  OK  [0m] Started D-Bus System Message Bus.
[[0;32m  OK  [0m] Started FUSE filesystem for LXC.
         Starting LSB: Record successful boot for GRUB...
         Starting System Logging Service...
         Starting OpenBSD Secure Shell server...
[   37.505107] cloud-init[1023]: Cloud-init v. 17.1 running 'modules:config' at Sun, 10 Dec 2017 23:24:10 +0000. Up 37.38 seconds.
         Starting Snappy daemon...
         Starting Login Service...
         Starting Accounts Service...
[[0;32m  OK  [0m] Started Unattended Upgrades Shutdown.
[[0;32m  OK  [0m] Started Regular background program processing daemon.
[[0;32m  OK  [0m] Started System Logging Service.
[[0;32m  OK  [0m] Started OpenBSD Secure Shell server.
[[0;32m  OK  [0m] Started Snappy daemon.
[[0;32m  OK  [0m] Started Apply the settings specified in cloud-config.
[[0;32m  OK  [0m] Started /etc/rc.local Compatibility.
[[0;32m  OK  [0m] Started LXD - container startup/shutdown.
[[0;32m  OK  [0m] Started Login to default iSCSI targets.
[[0;32m  OK  [0m] Started LSB: MD monitoring daemon.
[[0;32m  OK  [0m] Started LSB: Record successful boot for GRUB.
[[0;32m  OK  [0m] Started Login Service.
         Starting Authenticate and Authorize Users to Run Privileged Tasks...
[[0;32m  OK  [0m] Reached target Remote File Systems (Pre).
[[0;32m  OK  [0m] Reached target Remote File Systems.
         Starting LSB: daemon to balance interrupts for SMP systems...
         Starting LSB: Set the CPU Frequency Scaling governor to "ondemand"...
         Starting LSB: automatic crash report generation...
         Starting LSB: VirtualBox Linux Additions...
         Starting Permit User Sessions...
[[0;32m  OK  [0m] Started Permit User Sessions.
[[0;32m  OK  [0m] Started Authenticate and Authorize Users to Run Privileged Tasks.
[[0;32m  OK  [0m] Started Accounts Service.
[[0;32m  OK  [0m] Started LSB: Set the CPU Frequency Scaling governor to "ondemand".
[[0;32m  OK  [0m] Started LSB: daemon to balance interrupts for SMP systems.
[[0;32m  OK  [0m] Started LSB: automatic crash report generation.
[[0;32m  OK  [0m] Created slice User Slice of ubuntu.
[[0;32m  OK  [0m] Started Session 1 of user ubuntu.
         Starting User Manager for UID 1000...
         Starting Hold until boot process finishes up...
         Starting Terminate Plymouth Boot Screen...
[[0;32m  OK  [0m] Started User Manager for UID 1000.
[[0;32m  OK  [0m] Started LSB: VirtualBox Linux Additions.
[[0;32m  OK  [0m] Started Hold until boot process finishes up.
[[0;32m  OK  [0m] Started Terminate Plymouth Boot Screen.
[[0;32m  OK  [0m] Started Serial Getty on ttyS0.
[[0;32m  OK  [0m] Started Getty on tty1.
[[0;32m  OK  [0m] Reached target Login Prompts.
         Starting Set console scheme...
[[0;32m  OK  [0m] Reached target Multi-User System.
         Starting Execute cloud user/final scripts...
[[0;32m  OK  [0m] Reached target Graphical Interface.
         Starting Update UTMP about System Runlevel Changes...
[[0;32m  OK  [0m] Started Set console scheme.
[[0;32m  OK  [0m] Started Update UTMP about System Runlevel Changes.
[   39.793494] cloud-init[1200]: Cloud-init v. 17.1 running 'modules:final' at Sun, 10 Dec 2017 23:24:12 +0000. Up 39.67 seconds.
[[   39.876798] cloud-init[1200]: Cloud-init v. 17.1 finished at Sun, 10 Dec 2017 23:24:12 +0000. Datasource DataSourceNoCloud [seed=/dev/sdb][dsmode=net].  Up 39.78 seconds
[0;32m  OK  [0m] Started Execute cloud user/final scripts.
[[0;32m  OK  [0m] Reached target Cloud-init target.
         Starting Daily apt download activities...
         Stopping User Manager for UID 1000...
[[0;32m  OK  [0m] Stopped User Manager for UID 1000.
[[0;32m  OK  [0m] Removed slice User Slice of ubuntu.

Ubuntu 16.04.3 LTS ubuntu-xenial ttyS0

ubuntu-xenial login: 